журнал прогона: /content/artifacts/runs/hw-alliance/run_log.txt
{"seed": 42, "smoke": false, "k": 100, "rrf_k": 60}
preflight: ЧИСТО
источник: артефакт недели 7
запросов: 80 · глубина выдачи BM25 100, би-энкодера 200, каскада 25
скоры BM25: от 7.76 до 32.14 · би-энкодера: от 0.273 до 0.605
наивная склейка: длина 200, из них дубликатов 46 (в среднем 25.4 на запрос)
после дедупликации: 154 уникальных на первом запросе

а теперь то, ради чего это здесь:
  правильный документ встречается ДВАЖДЫ в 58 запросах из 80
  Recall@200 по наивной склейке (с дубликатами): 0.9500
  а если бы метрика СУММИРОВАЛА попадания, как это делает наивный код:
  «Recall» = 1.6750 -- то есть БОЛЬШЕ единицы, что бессмысленно
Recall@100: BM25 0.7750 · би-энкодер 0.9000
ПОТОЛОК ОБЪЕДИНЕНИЯ: 0.9500
  запас над лучшей одиночной системой: +0.0500

нашёл ТОЛЬКО BM25:        4 запросов
нашёл ТОЛЬКО би-энкодер:  14 запросов
это и есть весь материал, из которого слияние может что-то извлечь
токены запроса: ['river', 'bank', 'flood']

                        документ       построчные максимумы   MaxSim
     the riverside plain flooded           [0.9, 0.5, 0.95]     2.35
        the bank approved a loan          [0.2, 0.98, 0.12]     1.30

сверка с data/l8-colbert.json: 3 значения совпали
словарь: ['river', 'bank', 'flood', 'water', 'loan', 'money']
запрос 'river flood' -> логиты [2.0, 0.5, 2.5, 1.2, -1.0, -2.0]
  термин   вес запроса   вес документа    вклад
   river        1.0986          0.9000   0.9887
    bank        0.4055          0.7000   0.2838
   flood        1.2528          0.6000   0.7517
   water        0.7885          1.3000   1.0251

разреженное скалярное произведение = 3.0493
РАСШИРЕНИЕ запроса моделью: ['bank', 'water'] -- этих слов в запросе НЕТ, а веса у них ненулевые
лексический порядок: ['D1', 'D2', 'D3', 'D4', 'D5']
плотный порядок:     ['D2', 'D3', 'D4', 'D5', 'D1']

  док   ранг лекс.   ранг плотн.       RRF
   D2            2             1    0.0325
   D3            3             2    0.0320
   D1            1             5    0.0318
   D4            4             3    0.0315
   D5            5             4    0.0310

сверка с data/l8-hybrid.json: порядок и 5 скоров совпали
       система    MRR@10  Recall@100
          BM25    0.4275      0.7750
    би-энкодер    0.4551      0.9000
           RRF    0.4639      0.9000
потолок объед.        --      0.9500
MRR@10:
  RRF против BM25                  Δ=+0.0364 ДИ95≈[-0.0275; +0.1003] 20/12 не отличимо
  RRF против би-энкодера           Δ=+0.0087 ДИ95≈[-0.0508; +0.0683] 18/15 не отличимо
Recall@100:
  RRF против BM25                  Δ=+0.1250 ДИ95≈[+0.0506; +0.1994] 10/0  РАЗЛИЧИМО
  RRF против би-энкодера           Δ=+0.0000 ДИ95≈[-0.0712; +0.0712]  4/4  не отличимо
сырые скоры BM25 (топ-5 первого запроса): {0: 32.14, 737: 30.73, 656: 25.66, 568: 25.05, 576: 24.42}
после z-нормировки:  {0: np.float64(1.42), 737: np.float64(0.98), 656: np.float64(-0.61), 568: np.float64(-0.8), 576: np.float64(-1.0)}
после min-max:       {0: 1.0, 737: 0.82, 656: 0.16, 568: 0.08, 576: 0.0}
 alpha   MRR (z)   Recall (z)   MRR (minmax)   Recall (mm)
   0.0    0.4551       0.9000         0.4551        0.9125
   0.1    0.4719       0.9000         0.4478        0.9250
   0.2    0.5053       0.9125         0.4821        0.9125
   0.3    0.4760       0.9125         0.4963        0.9125
   0.4    0.4851       0.9000         0.4785        0.9250
   0.5    0.4940       0.9125         0.4994        0.9250
   0.6    0.4912       0.8875         0.4911        0.9125
   0.7    0.4858       0.8125         0.4740        0.9125
   0.8    0.4734       0.7750         0.4726        0.9000
   0.9    0.4585       0.7750         0.4493        0.9000
   1.0    0.4275       0.7750         0.4275        0.7875

лучшая alpha по MRR:    z -> 0.2 · min-max -> 0.5
лучшая alpha по Recall: z -> 0.2 · min-max -> 0.1
запросов на подбор: 40 · на проверку: 40
alpha, подобранная на половине-подборе: 0.2
alpha, подобранная на ВСЕХ запросах:    0.2

ЧЕСТНО   (подбор на одних, замер на других): MRR@10 = 0.4830
С ПОДГОНКОЙ (замер там же, где подбирали):   MRR@10 = 0.5275
ОПТИМИЗМ подгонки: +0.0445
для масштаба: эффект слияния над би-энкодером (alpha с подбора, все запросы): +0.0501
пара: релевантный 1.5, нерелевантный 0.3 · разница 1.2
RankNet: P(i выше j) = sigmoid(1.2) = 0.7685 · потери 0.2633 · градиент 0.2315
LambdaRank: перестановка меняет nDCG на 0.3691 (0.6309 -> 1.0000)
            лямбда = градиент x дельта-nDCG = 0.0854
сверка с data/l8-ltr.json: 5 значений совпали
MaxSim: релевантный 2.35 · нерелевантный 1.30
наивное усреднение на релевантном: 1.1325
грубая сетка (11 точек): alpha 0.2, оптимизм +0.0445
мелкая сетка (101 точек): alpha 0.17, оптимизм +0.0645
разница оптимизмов: +0.0200
ответ принят: 171 слов
слияние -> /content/artifacts/fusion.json (alpha=0.2, разбиение запросов внутри)
замеры  -> /content/artifacts/run-fusion.json (19 ключей)
на неделе 10 lab-ann построит индекс под ЭТО ранжирование
величин: 53 · рантайм: CPU
