журнал прогона: /content/artifacts/runs/hw-rag/run_log.txt
{"seed": 42, "smoke": false, "n_docs": 2000, "n_queries": 150, "budget_words": 1024}
! нет ./data/l10-chunking.json -- сверка с лекцией невозможна.
preflight: 1 замечани(я/й) -- читай выше
корпус: 2000 документов · запросов: 150
длина документа: медиана 268 слов, 25-й и 75-й перцентили 199--460
позиция вынутого предложения: медиана 145-е слово (то есть примерно 54% документа)
токенов на слово: медиана 1.35 · 5-й и 95-й перцентили 1.21--1.96
то есть 1024 слова -- это примерно 1378 токенов, а в худшем случае 2005

окно контекста из лекции: 4096 токенов
накладные (система 200 + запрос 30 + резерв под ответ 512) = 742
под чанки остаётся: 3354 токенов
кодирование документов: 7 c
BASE -- без чанкования: R@1 0.347 · R@3 0.513 · R@5 0.587 · R@10 0.640

внимание: документ обрезан по 2000 символов -- у длинных документов хвост в эмбеддинг НЕ попал
 размер  перекр   чанков  gold   Rчанка@5    Rдок@5   Rдок@5 базы
     64       0    17532   1.0      0.407     0.633         0.587
     64      16    22421   1.3      0.387     0.573         0.587
    128       0     9297   1.0      0.527     0.647         0.587
    128      32    11322   1.2      0.520     0.600         0.587
    256       0     4998   1.0      0.560     0.600         0.587
    256      64     5742   1.1      0.540     0.593         0.587
    512       0     3104   1.0      0.547     0.573         0.587
    512     128     3377   1.0      0.567     0.587         0.587
бюджет: 1024 слов ≈ 1378 токенов
 размер   k при бюджете    слов   токенов
     64              16    1024      1378
    128               8    1024      1378
    256               4    1024      1378
    512               2    1024      1378

формула лекции для числа чанков в окне: (ctx − sys − q − reserve) // chunk
 размер    k   Rчанка@k    Rдок@k   при k=5: Rдок
     64   16      0.527     0.713           0.633
    128    8      0.547     0.680           0.647
    256    4      0.547     0.587           0.600
    512    2      0.447     0.473           0.573

без чанкования при том же бюджете: k=3, Rдок@3 = 0.513
вопрос: How does the heart pump blood?

             метрика   значение                   что нужно, чтобы посчитать
        faithfulness     0.7500  разбор ответа на утверждения -- НУЖЕН судья
    answer relevance     0.7033   генерация обратных вопросов -- НУЖЕН судья
   context precision     0.8334                только разметка релевантности
      context recall     0.6667     разметка + разбор эталона на утверждения

сверка с data/l11-ragas.json: 4 значения совпали
утверждений в эталонном ответе: 3
покрыто контекстом: 2 · НЕ покрыто: 1
   не найдено в контексте: 'Diastole then refills the heart chambers.'

потолок полноты ответа = context recall = 0.6667
модель физически не может сказать то, чего нет в контексте --
остаётся либо промолчать, либо выдумать
критерии рубрики: ['relevance', 'grounding', 'completeness']
     ответ     relevance     grounding  completeness    честно   с перекосом
A (хороший)             5             5             3    4.3333        4.0000
C (нагнутый)             4             3             5    4.0000        4.2500

победитель при честных весах:   A
победитель при двойном весе полноты: C
сверка с data/l11-judge.json: оба средних совпали
по полноте ДОКУМЕНТА: размер 64, k=16, Rдок 0.713
по полноте ЧАНКА:     размер 128, k=8, Rчанка 0.547
индекс различается в 1.89 раза (17532 против 9297 векторов)
перекос по relevance победителя не меняет во всём диапазоне 1.0--5.0
честный победитель A держится по этому критерию с запасом
ответ принят: 170 слов
чанкование -> /content/artifacts/rag.json
замеры     -> /content/artifacts/run-rag.json (18 ключей)
выбрано: чанк 64 слов, k=16 при бюджете 1024 слов ≈ 1378 токенов
на неделе 14 это первая ступень твоего проекта
величин: 202 · рантайм: Tesla T4
