журнал прогона: /content/artifacts/runs/hw-ranking-metrics/run_log.txt
{"seed": 42, "smoke": false, "n_trials": 20000}
preflight: ЧИСТО
запрос: space (relevant = sci.space)
документов: 8 · релевантных: 4 · доля: 50%
 ранг   id  rel  категория
    1   D6    0  rec.sport.hockey
    2   D3    1  sci.space
    3   D7    0  rec.sport.hockey
    4   D2    1  sci.space
    5   D5    0  rec.sport.hockey
    6   D0    1  sci.space
    7   D4    0  rec.sport.hockey
    8   D1    1  sci.space
индекс недели 3 найден: 1146 документов, 17104 терминов, avgdl 181.1
но qrels для этого корпуса у нас НЕТ -- ни одного суждения о релевантности
измеримо на нём сегодня: ничего из метрик ниже. Считаем на 8 документах лекции, где разметка есть.
корпус    10,000 док · 50 запросов: полная разметка     4,167 ч · пул топ-100    42 ч · покрытие 1.0000%
корпус 1,000,000 док · 50 запросов: полная разметка   416,667 ч · пул топ-100    42 ч · покрытие 0.0100%
шум судьи   0%: согласие 1.00 · случайное 0.50 · каппа 1.00
шум судьи  10%: согласие 0.81 · случайное 0.50 · каппа 0.62
шум судьи  25%: согласие 0.59 · случайное 0.50 · каппа 0.19
nDCG случайного порядка: среднее 0.7711 · разброс 0.1259 · 5-й и 95-й перцентили 0.581--0.962
nDCG нашего BM25-порядка (из лекции): 0.6766
  k   Recall@k  Precision@k
  1     0.0000       0.0000
  3     0.2500       0.3333
  5     0.5000       0.4000
  8     1.0000       0.5000
сверка с data/l4-metrics.json: 8 значений совпали
  запрос              релевантность      RR      AP
      Q1   [0, 1, 0, 1, 0, 1, 0, 1]  0.5000  0.5000
      Q2   [1, 0, 1, 1, 0, 0, 1, 0]  1.0000  0.7470
     MRR                             0.7500
     MAP                                     0.6235
шкала оценок: {'0': 'off-topic', '1': 'marginally relevant', '3': 'highly relevant'}
оценки в порядке выдачи: [0, 3, 0, 3, 0, 1, 0, 1] · идеальный порядок: [3, 3, 1, 1, 0, 0, 0, 0]
nDCG линейный        0.6622   (DCG 3.8565 / IDCG 5.8235)
nDCG экспоненциальный 0.6563   (2^rel - 1)
разница: 0.0060
запросов: 15
среднее A: 0.6046 · среднее B: 0.6443 · разница +0.0397
B выигрывает на 11 запросах, проигрывает на 4
среднее различие +0.0397 · sd 0.0676 · se 0.0175
парный t = 2.2753 при df = 14, p = 0.03914
95% доверительный интервал: [+0.0023; +0.0772]
Уилкоксон p = 0.04791 · перестановочный p = 0.03979
nDCG@8 = 0.6766 -- совпал с data/l4-metrics.json
     порядок   Precision@1     nDCG
    нагнутый        0.0000   0.5434
     честный        0.0000   0.6766
   случайный                 0.7711  (среднее по 20000 перестановкам)
случайных перестановок ХУЖЕ нагнутого: 0.0%
ответ принят: 155 слов
метрики -> /content/artifacts/metrics.py (736 байт)
проверим записанный файл краевыми случаями -- и только потом сохраним замеры
краевые случаи: 12/12 пройдены на записанном файле
соглашение: Precision@10 от выдачи длины 2 с двумя попаданиями = 0.2
           (делим на k -- это метрика страницы фиксированного размера, а не выдачи)
замеры  -> /content/artifacts/run-metrics.json (17 ключей)
на неделе 7 lab-cascade импортирует metrics.py и будет мерить им каскад
величин: 52 · рантайм: Tesla T4
