журнал прогона: /content/artifacts/runs/lab-ann/run_log.txt
{"seed": 42, "smoke": false, "n_docs_max": 9000, "n_queries": 200, "faiss": "1.15.0"}
· faiss использует 2 потоков -- задержка зависит от этого числа
! нет ./data/l9-metrics.json -- сверка с лекцией невозможна.
! нет ./data/l9-bench.json -- сверка с лекцией невозможна.
preflight: 2 замечани(я/й) -- читай выше
корпус: 8923 документов (запрошено 9000, доступно 8923) · запросов: 200
кодирование: 30 c · размерность 384
матрица эмбеддингов: 13.7 МБ (1536 байт на вектор)
      N   мс/запрос      МБ   Recall@100    MRR@10
   1500       0.041     2.3        0.900    0.4854
   3000       0.078     4.6        0.820    0.4281
   6000       0.220     9.2        0.775    0.3530
   8923       0.245    13.7        0.745    0.3142

BASE -- точный поиск на всём корпусе: MRR@10 = 0.3142 при 0.193 мс/запрос
        корпус    dim=384    dim=768   dim=1536
         1 млн       1.5Г       3.1Г       6.1Г
        10 млн      15.4Г      30.7Г      61.4Г
       100 млн     153.6Г     307.2Г     614.4Г
        1 млрд    1536.0Г    3072.0Г    6144.0Г

в 64 ГБ памяти помещается при dim= 384:   41.7 млн векторов (float32, без индекса)
в 64 ГБ памяти помещается при dim= 768:   20.8 млн векторов (float32, без индекса)
в 64 ГБ памяти помещается при dim=1536:   10.4 млн векторов (float32, без индекса)

и это ТОЛЬКО сами векторы: HNSW добавляет граф, IVF -- списки, всё это сверху
запрос [4.5, 0.5] · вход в граф: n0
  шаг   узел   расстояние  соседи (расстояние)
    0     n0       4.5277  n1 2.55, n3 4.30
    1     n1       2.5495  n0 4.53, n2 0.71, n3 4.30
    2     n2       0.7071  n1 2.55, n4 2.92, n5 1.58

жадный обход: 2 перехода, посетил 3 из 6 узлов
перебор:      ближайший n2, расстояние 0.7071
сверка с data/l9-hnsw.json: путь и расстояние совпали
сборка HNSW (M=32): 2.3 c на 8923 векторов (257 мкс/вектор)

 efSearch   мс/запрос   согласие@10    MRR@10   потеря MRR
       16       0.055         0.927    0.2996        -4.7%
       32       0.076         0.976    0.3081        -2.0%
       64       0.112         0.991    0.3093        -1.6%
      128       0.171         0.999    0.3142         0.0%
      256       0.285         1.000    0.3142         0.0%
   точный       0.193         1.000    0.3142         0.0%
запрос [3, 2] · ячеек 3 · ищем 3 ближайших
истинные ближайшие: [np.int64(0), np.int64(1), np.int64(2)] (лежат в ячейках [0, 1])

 nprobe     ячейки          найдено   полнота
      1 [np.int64(0)] [np.int64(0), np.int64(1)]    0.6667
      2 [np.int64(0), np.int64(1)] [np.int64(0), np.int64(1), np.int64(2)]    1.0000

сверка с data/l9-ivf.json: назначения, порядок ячеек и обе полноты совпали
сборка IVF: 0.3 c · nlist=377 · в среднем 24 векторов на ячейку

 nprobe   доля корпуса   мс/запрос   согласие@10    MRR@10    потеря
      1          0.3%       0.020         0.383    0.1666    -47.0%
      2          0.5%       0.022         0.536    0.2166    -31.1%
      4          1.1%       0.026         0.687    0.2447    -22.1%
      8          2.1%       0.036         0.812    0.2765    -12.0%
     16          4.2%       0.048         0.904    0.2936     -6.6%
     32          8.5%       0.076         0.954    0.3042     -3.2%
 точный        100.0%       0.193         1.000    0.3142      0.0%
игрушка лекции: D=8, m=4 кусков по 2 измерения, кодбук из 256 центроидов
  было 32 байт -> стало 4 байт · сжатие 8x

                конфигурация   байт/вектор    сжатие   индекс на 1 млрд
        dim=768, m=96, k=256            96       32x                96 ГБ
       dim=768, m=192, k=256           192       16x               192 ГБ
         dim=768, m=96, k=16            48       64x                48 ГБ
         dim=128, m=8, k=256             8       64x                 8 ГБ

сверка с data/l9-pq.json: арифметика игрушки совпала
    m   байт/вектор    сжатие   обучение, с   мс/запрос    MRR@10    потеря
    8             8      192x           0.9       0.087    0.1149    -63.4%
   16            16       96x           1.2       0.128    0.1905    -39.4%
   48            48       32x          15.2       0.291    0.2866     -8.8%
  нет          1536        1x           0.0       0.193    0.3142      0.0%
по согласию >= 0.95:      nprobe=32, 0.076 мс, потеря MRR -3.2%
по потере MRR <= 5%:      nprobe=32, 0.076 мс, согласие 0.954
задержка отличается в 1.00 раза
     режим   байт/вектор     векторов в 64 ГБ
   float32          3072          20,833,333
      pq96            96         666,666,666
      pq48            48       1,333,333,333

наименьшее m с потерей <= 15%: 48 (потеря -8.8%)
ответ принят: 161 слов
индексы -> /content/artifacts/ann.json
замеры  -> /content/artifacts/run-ann.json (19 ключей)
рабочая точка: IVF nprobe=32, 0.076 мс, MRR 0.3042 (-3.2% к точному)
на неделе 12 RAG встанет поверх этой точки
величин: 48 · рантайм: Tesla T4
