журнал прогона: /content/artifacts/runs/lab-bm25/run_log.txt
{"seed": 42, "smoke": false, "n_docs": 2000, "k1": 1.5, "b": 0.75, "categories": ["sci.space", "rec.sport.hockey"]}
preflight: ЧИСТО
постинги: {"cat": {"D1": 2, "D2": 1, "D3": 1}, "dog": {"D1": 1, "D2": 2}, "mouse": {"D2": 1, "D3": 1}}
длины: {'D1': 3, 'D2': 4, 'D3': 2} · avgdl = 3.0
BASE (сырой счёт): {'D1': 3, 'D2': 3, 'D3': 1}
порядок после тай-брейка по имени: ['D1', 'D2', 'D3']
порядок с доски:                  ['D2', 'D1', 'D3']
НИЧЬИ на значениях: [3]
документов: 1146 · токенов всего: 207584
длина: медиана 82, среднее 181.1, максимум 9517 (в 116x длиннее медианы)
скан 10.46 мс · индекс 0.090 мс · отношение 117x
словарь: 17104 терминов · постингов всего: 112947
лекция: N = 8 · запрос: ['space', 'team']
  space  df=4  постинги=['D0', 'D1', 'D2', 'D3']
  team   df=4  постинги=['D4', 'D5', 'D6', 'D7']
наши df на том же запросе (по 20NG-срезу, НЕ те же 8 документов): {'space': 217, 'team': 214}
сверка idf с data/l3-bm25.json: 16 значений совпали
формула лекции: idf = ln(N/df), N = 8
частый (df=N)        idf = 0.0000
половина (df=N/2)    idf = 0.6931
редкий (df=1)        idf = 2.0794
BM25 использует сглаженный вариант: ln((N-df+0.5)/(df+0.5) + 1)
  для df=N он даёт: 0.0572
термин     sklearn    формула лекции   разница
cat         1.0000            0.0000    1.0000
dog         1.2877            0.4055    0.8822
mouse       1.2877            0.4055    0.8822
сверка BM25 с data/l3-bm25.json: 16 значений совпали до 1e-4
параметры: k1=1.5, b=0.75, N=8, avgdl=50.625
b=0.0   топ-5: ['N431', 'N32', 'N857', 'N158', 'N1151']  длины: [5691, 9517, 837, 1701, 504]
b=0.75  топ-5: ['N679', 'N841', 'N1151', 'N1051', 'N41']  длины: [336, 470, 504, 334, 101]
b=1.0   топ-5: ['N679', 'N41', 'N841', 'N1151', 'N105']  длины: [336, 101, 470, 504, 116]
пересечение топ-5 при b=0.70 против b=0.80 на одной подвыборке: 0.88 (разброс 0.80--1.00)
документов всего: 1146
содержат хотя бы одно слово запроса: 410 (35.8%)
содержат оба слова:                  21 (1.8%)
НЕДОСТИЖИМЫ лексически:              736 (64.2%)
RSJ уходит в минус начиная с df = 5 из N = 8
однородные: пересечение 0.60 · разнородные: 0.40
ответ принят: 125 слов
замеры -> /content/artifacts/run.json (17 ключей, версии и sha1 корпуса внутри)
выдачи -> /content/artifacts/runs.json (4 конфигураций по 100 документов)
индекс -> /content/artifacts/bm25_index.json (1.3 МБ)
корпус sha1: 6d0ab4c400fa · версии: {'numpy': '2.1.3', 'sklearn': '1.6.1', 'python': '3.13.15'}
на неделе 7 lab-cascade подхватит этот индекс как первую ступень
величин: 82 · рантайм: CPU
