журнал прогона: /content/artifacts/runs/lab-cascade/run_log.txt
{
 "seed": 42,
 "smoke": false,
 "corpus_n": 1500,
 "n_queries": 80,
 "depths": [
  10,
  25,
  50,
  100
 ],
 "bi": "sentence-transformers/all-MiniLM-L6-v2",
 "ce": "cross-encoder/ms-marco-MiniLM-L-6-v2"
}
preflight: ЧИСТО
    корпус    кросс-энкодер на ВСЁМ     каскад (отбор 100)
     1,000                    12 c                 133 мс
   100,000                 1,200 c                 133 мс
 1,000,000                12,000 c                 133 мс

состав каскада (цитируется, не наш замер):
      queryEncodeMs = 8 мс
        annSearchMs = 5 мс
           rerankMs = 120 мс
            totalMs = 133 мс
   источник: representative all-MiniLM-L6-v2 / ms-marco-MiniLM-L-6-v2 latencies. rerankMs pri...
корпус: 1500 документов · запросов: 80 · релевантных на запрос: 1
медианная длина документа: 173 слов
медианная длина запроса:   22 слов

пример запроса: Near the end of the season when the Pens played the Nords it was like watching a (younger) double of the Pens.
BASE -- BM25 MRR@10 = 0.4275   (3.7 мс/запрос, CPU, без батча)
   BM25 Recall@10   = 0.6250
   BM25 Recall@50   = 0.7250
   BM25 Recall@100  = 0.7750
   BM25 Recall@200  = 0.8000
metrics.py недели 4 найден · RR на контрольном примере: 0.5 == 0.5
оси пространства: ['finance', 'geography', 'animal', 'water']
запрос 'river bank' -> [0, 1, 0, 1]
                          документ    dot      cos
        a beaver by the river bank      2   0.8165
         the bank approved my loan      0   0.0000
сверка с data/l7-biencoder.json: 3 значения совпали
кодирование корпуса: 4.9 c на 1500 документов (3.3 мс/документ, ОДИН раз)
кодирование запроса: 1.0 мс (каждый запрос)
размерность вектора: 384

     система    MRR@10
        BM25    0.4275
  би-энкодер    0.4551   разница +0.0277
    k      BM25   би-энкодер    разница
   10    0.6250       0.6625    +0.0375
   25    0.6750       0.7500    +0.0750
   50    0.7250       0.8125    +0.0875
  100    0.7750       0.9000    +0.1250
  200    0.8000       0.9500    +0.1500
запрос: ['did', 'river', 'flood'] · документ: ['bank', 'not', 'flood']
          пара    логит   после сигмоиды
   релевантная     2.40           0.9168
 нерелевантная    -1.10           0.2497
сверка с data/l7-crossencoder.json: 3 значения совпали
               система    MRR@10   мс/запрос
                  BM25    0.4275         3.7
            би-энкодер    0.4551         1.0
    каскад, глубина 25    0.4987       175.2

прирост каскада к BM25: +16.7% относительных
  глубина   потолок (Recall@d)
       10               0.6625
       25               0.7500
       50               0.8125
      100               0.9000

достигнуто на глубине 25: 0.4987 из потолка 0.7500 -- реализовано 66%
  глубина    MRR@10   потолок   реализ.   мс/запрос
       10    0.4948    0.6625       75%        63.7
       25    0.4987    0.7500       66%       181.8
       50    0.4901    0.8125       60%       291.9
      100    0.4969    0.9000       55%       532.1
сравнение                            разница                интервал    +/-  вердикт
би-энкодер против BM25             Δ=+0.0277  ДИ95≈[-0.0693; +0.1246]  26/20  НЕ отличимо от нуля
каскад@25 против BM25              Δ=+0.0712  ДИ95≈[-0.0117; +0.1541]  21/13  НЕ отличимо от нуля
каскад@25 против би-энкодера       Δ=+0.0435  ДИ95≈[-0.0255; +0.1126]  18/10  НЕ отличимо от нуля
глубина 100 против глубины 25      Δ=-0.0018  ДИ95≈[-0.0245; +0.0210]   5/10  НЕ отличимо от нуля
ВНЕШНИЕ числа (цитируются, НЕ наш замер) -- MS MARCO passage, выборка из лекции:
   корпус 12242 пассажей, 40 запросов
   ретривер sentence-transformers/all-MiniLM-L6-v2: MRR@10 = 0.5482
   + кросс-энкодер, глубина 100: MRR@10 = 0.6732, nDCG@10 = 0.7537
   прирост от переранжирования: +22.8% относительных

НАШИ числа (20NG, псевдозапросы, та же пара моделей):
   би-энкодер: MRR@10 = 0.4551
   + кросс-энкодер, глубина 25: MRR@10 = 0.4987
   прирост: +9.6% относительных, интервал накрывает ноль
рабочая глубина 10: MRR@10 0.4948 при 64 мс
максимальная глубина 100 дороже в 8.3 раза, качество +0.0021
  глубина   реализовано
       10         74.7%
       25         66.5%
       50         60.3%
      100         55.2%
чинить: reranker · доля реализованного 75% -> 55% с ростом глубины
ответ принят: 162 слов
эмбеддинги -> /content/artifacts/corpus_emb.npy (2.3 МБ)
выдачи     -> /content/artifacts/cascade.json (порядок И скоры обеих ступеней)
замеры     -> /content/artifacts/run-cascade.json (24 ключей)
на неделе 9 hw-alliance добавит третью ступень к этим двум
величин: 201 · рантайм: Tesla T4
