журнал прогона: /content/artifacts/runs/project-search/run_log.txt
{
 "seed": 20260605,
 "smoke": false,
 "n_docs": 2500,
 "n_queries": 150,
 "chunk_words": 128,
 "alpha": 0.3,
 "rerank_depth": 25,
 "bi": "sentence-transformers/all-MiniLM-L6-v2",
 "ce": "cross-encoder/ms-marco-MiniLM-L-6-v2"
}
· артефактов прошлых занятий найдено: 5 из 5
    metrics.py       (неделя 4 ) -- есть
    cascade.json     (неделя 7 ) -- есть
    fusion.json      (неделя 9 ) -- есть
    ann.json         (неделя 10) -- есть
    rag.json         (неделя 12) -- есть
preflight: ЧИСТО
документов: 2500 · чанков: 11462 (4.6 на документ)
запросов: 150 · золотых чанков на запрос: 1.0
индексация: 33 c · переранжирование 150 запросов: 15 c (99 мс/запрос)
длина выдачи: лексика 100 · плотный 100 · слияние 100 · ПОЛНАЯ 25
               система    MRR@10     R@10    R@100   выдача
       BM25 (неделя 3)    0.2726    0.460    0.647      100
    плотный (неделя 7)    0.2684    0.487    0.727      100
    слияние (неделя 9)    0.3372    0.573    0.740      100
        ПОЛНАЯ СИСТЕМА    0.3461    0.560    0.640       25

полная система против базы: +26.9% относительных по MRR@10
                              конфигурация    MRR@10   Δ к полной                     ДИ95 вердикт
                            ПОЛНАЯ СИСТЕМА    0.3461           --                       --
                      без переранжирования    0.3372      -0.0088 [-0.0488; +0.0312] не отличимо
  без слияния (плотный + переранжирование)    0.3346      -0.0115 [-0.0337; +0.0107] не отличимо
    без плотного (BM25 + переранжирование)    0.3141      -0.0320 [-0.0733; +0.0094] не отличимо
                                       ступень   потолок    потеря
   объединение лексики и плотного, глубина 100     0.793    -0.207
                    после слияния, глубина 100     0.740    -0.053
        дошло до переранжирования (глубина 25)     0.640    -0.100
                     итоговая полнота в топ-10     0.560    -0.080

итоговый MRR@10: 0.3461
наибольшая потеря на ступени: «объединение лексики и плотного, глубина 100» (-0.207)
1. ЧТО СРАВНИВАЛИ И НА ЧЁМ
   корпус: 2500 документов, 11462 чанков по 128 слов
   запросы: 150 псевдозапросов (предложение, вынутое из документа)
   разметка: ровно один релевантный чанк на запрос, по позиции выреза
   конфигурация: alpha=0.3, глубина переранжирования=25, сид=20260605

2. МЕТРИКА И ПОРОГ, ЗАФИКСИРОВАННЫЕ ЗАРАНЕЕ
   основная: MRR@10. Порог внедрения компонента: интервал не накрывает ноль.

3. ЭФФЕКТ С ИНТЕРВАЛОМ
   полная система против BM25: +0.0734 MRR@10, ДИ95 [+0.0243; +0.1225]
   в относительных: +26.9%

4. ГДЕ СТАЛО ХУЖЕ
   полная система проигрывает базе на 14 запросах из 150
   ни одна абляция не отличима от нуля: компоненты по отдельности не доказаны
   R@100 в заголовочной таблице несравним: у полной системы выдача 25, а не 100

5. ЧЕГО ЗАМЕР НЕ ПОКАЗЫВАЕТ
   псевдозапросы лексически щедры и не похожи на пользовательские
   один релевантный чанк на запрос -- MRR очень шумна
   150 запросов дают разрешение порядка нескольких сотых
   генерация не измерялась вовсе

6. СЛЕДУЮЩИЙ ШАГ, ОПРЕДЕЛЁННЫЙ ЧИСЛОМ
   узкое место: «объединение лексики и плотного, глубина 100» (-0.207 полноты)
   действие: улучшать ОТБОР -- другая модель эмбеддингов, дообучение на домене или третий ретривер
   цена: переиндексация корпуса, у нас 33 c на 2500 документов
узкое место: объединение лексики и плотного, глубина 100
потолок до него: 1.000 · итог: 0.560 · запас: 0.440
без чанкования: MRR@10 0.4959 · Δ +0.1498 [+0.0804; +0.2192] РАЗЛИЧИМО
защита принята: 208 слов
защита -> /content/artifacts/defence.json
  заголовочная таблица: 4 систем
  абляций: 4
  ступеней в лестнице: 4
  узкое место: объединение лексики и плотного, глубина 100

это и есть скелет защиты -- дальше нужны только твой корпус и твои запросы
величин: 44 · рантайм: Tesla T4
